---
source: tui/src/bottom_pane/chat_composer.rs
expression: terminal.backend()
---
"                                                            "
"› /bt                                                       "
"                                                            "
"                                                            "
"  /btw  ask a quick question without affecting history      "
